10:21:31 **** Auto Build of configuration Debug for project standalone_bsp_1_xemacps_ieee1588_example_1 ****
make pre-build main-build 
a9-linaro-pre-build-step
' '
'Building file: ../src/xemacps_example_util.c'
'Invoking: ARM v7 gcc compiler'
arm-none-eabi-gcc -Wall -O0 -g3 -c -fmessage-length=0 -MT"src/xemacps_example_util.o" -mcpu=cortex-a9 -mfpu=vfpv3 -mfloat-abi=hard -I../../standalone_bsp_1/ps7_cortexa9_0/include -MMD -MP -MF"src/xemacps_example_util.d" -MT"src/xemacps_example_util.o" -o "src/xemacps_example_util.o" "../src/xemacps_example_util.c"
'Finished building: ../src/xemacps_example_util.c'
' '
'Building file: ../src/xemacps_ieee1588.c'
'Invoking: ARM v7 gcc compiler'
arm-none-eabi-gcc -Wall -O0 -g3 -c -fmessage-length=0 -MT"src/xemacps_ieee1588.o" -mcpu=cortex-a9 -mfpu=vfpv3 -mfloat-abi=hard -I../../standalone_bsp_1/ps7_cortexa9_0/include -MMD -MP -MF"src/xemacps_ieee1588.d" -MT"src/xemacps_ieee1588.o" -o "src/xemacps_ieee1588.o" "../src/xemacps_ieee1588.c"
../src/xemacps_ieee1588.c: In function 'XEmacPs_MasterSendAnnounce':
../src/xemacps_ieee1588.c:200:6: warning: variable 'SeqId' set but not used [-Wunused-but-set-variable]
  u16 SeqId = 0;
      ^~~~~
../src/xemacps_ieee1588.c: In function 'XEmacPs_MasterSendSync':
../src/xemacps_ieee1588.c:234:6: warning: variable 'SeqId' set but not used [-Wunused-but-set-variable]
  u16 SeqId = 0;
      ^~~~~
'Finished building: ../src/xemacps_ieee1588.c'
' '
'Building file: ../src/xemacps_ieee1588_example.c'
'Invoking: ARM v7 gcc compiler'
arm-none-eabi-gcc -Wall -O0 -g3 -c -fmessage-length=0 -MT"src/xemacps_ieee1588_example.o" -mcpu=cortex-a9 -mfpu=vfpv3 -mfloat-abi=hard -I../../standalone_bsp_1/ps7_cortexa9_0/include -MMD -MP -MF"src/xemacps_ieee1588_example.d" -MT"src/xemacps_ieee1588_example.o" -o "src/xemacps_ieee1588_example.o" "../src/xemacps_ieee1588_example.c"
../src/xemacps_ieee1588_example.c: In function 'XEmacPs_HandleRecdPTPPacket':
../src/xemacps_ieee1588_example.c:1407:18: warning: variable 'TxRingPtr' set but not used [-Wunused-but-set-variable]
  XEmacPs_BdRing *TxRingPtr;
                  ^~~~~~~~~
../src/xemacps_ieee1588_example.c: In function 'XEmacPs_PtpTxInterruptHandler':
../src/xemacps_ieee1588_example.c:1637:6: warning: variable 'BufLen' set but not used [-Wunused-but-set-variable]
  int BufLen;
      ^~~~~~
../src/xemacps_ieee1588_example.c: In function 'XEmacPs_PtpTxPacket':
../src/xemacps_ieee1588_example.c:1838:5: warning: this 'while' clause does not guard... [-Wmisleading-indentation]
     while((XEmacPs_ReadReg(InstancePtr->EmacPsInstance->Config.BaseAddress,
     ^~~~~
../src/xemacps_ieee1588_example.c:1841:2: note: ...this statement, but the latter is misleadingly indented as if it were guarded by the 'while'
  TxRingPtr = &(XEmacPs_GetTxRing(InstancePtr->EmacPsInstance));
  ^~~~~~~~~
'Finished building: ../src/xemacps_ieee1588_example.c'
' '
'Building target: standalone_bsp_1_xemacps_ieee1588_example_1.elf'
'Invoking: ARM v7 gcc linker'
arm-none-eabi-gcc -mcpu=cortex-a9 -mfpu=vfpv3 -mfloat-abi=hard -Wl,-build-id=none -specs=Xilinx.spec -Wl,-T -Wl,../src/lscript.ld -L../../standalone_bsp_1/ps7_cortexa9_0/lib -o "standalone_bsp_1_xemacps_ieee1588_example_1.elf"  ./src/xemacps_example_util.o ./src/xemacps_ieee1588.o ./src/xemacps_ieee1588_example.o   -Wl,--start-group,-lxil,-lgcc,-lc,--end-group -Wl,--start-group,-lxil,-llwip4,-lgcc,-lc,--end-group -Wl,--start-group,-lxil,-lmetal,-lgcc,-lc,--end-group
'Finished building target: standalone_bsp_1_xemacps_ieee1588_example_1.elf'
' '
'Invoking: ARM v7 Print Size'
arm-none-eabi-size standalone_bsp_1_xemacps_ieee1588_example_1.elf  |tee "standalone_bsp_1_xemacps_ieee1588_example_1.elf.size"
   text	   data	    bss	    dec	    hex	filename
  65524	   1976	  50640	 118140	  1cd7c	standalone_bsp_1_xemacps_ieee1588_example_1.elf
'Finished building: standalone_bsp_1_xemacps_ieee1588_example_1.elf.size'
' '

10:21:32 Build Finished (took 1s.257ms)

